../Core/Src/main.c:77:6:microDelay	2
../Core/Src/main.c:81:6:Trigger	1
../Core/Src/main.c:89:6:LD2Test	1
../Core/Src/main.c:108:6:HAL_GPIO_EXTI_Callback	3
../Core/Src/main.c:135:6:step_Wave	5
../Core/Src/main.c:172:5:main	1
../Core/Src/main.c:270:6:SystemClock_Config	3
../Core/Src/main.c:317:13:MX_TIM2_Init	4
../Core/Src/main.c:362:13:MX_USART2_UART_Init	2
../Core/Src/main.c:395:13:MX_GPIO_Init	1
../Core/Src/main.c:462:6:myStartTask01	3
../Core/Src/main.c:521:6:myStartTask02	3
../Core/Src/main.c:587:6:myStartTask03	1
../Core/Src/main.c:619:6:myStartTask04	2
../Core/Src/main.c:647:6:HAL_TIM_PeriodElapsedCallback	2
../Core/Src/main.c:664:6:Error_Handler	1
