../Core/Src/main.c:79:6:microDelay	2
../Core/Src/main.c:83:6:Trigger	1
../Core/Src/main.c:91:6:LD2Test	1
../Core/Src/main.c:110:6:HAL_GPIO_EXTI_Callback	3
../Core/Src/main.c:174:5:main	1
../Core/Src/main.c:272:6:SystemClock_Config	3
../Core/Src/main.c:319:13:MX_TIM2_Init	4
../Core/Src/main.c:364:13:MX_TIM3_Init	6
../Core/Src/main.c:423:13:MX_USART2_UART_Init	2
../Core/Src/main.c:456:13:MX_GPIO_Init	1
../Core/Src/main.c:522:6:myStartTask01	2
../Core/Src/main.c:546:6:myStartTask02	5
../Core/Src/main.c:598:6:myStartTask03	2
../Core/Src/main.c:621:6:myStartTask04	2
../Core/Src/main.c:650:6:HAL_TIM_PeriodElapsedCallback	2
../Core/Src/main.c:667:6:Error_Handler	1
