../Core/Src/main.c:77:6:microDelay	2
../Core/Src/main.c:81:6:Trigger	1
../Core/Src/main.c:89:6:LD2Test	1
../Core/Src/main.c:108:6:HAL_GPIO_EXTI_Callback	3
../Core/Src/main.c:135:6:step_Wave	5
../Core/Src/main.c:172:5:main	1
../Core/Src/main.c:266:6:SystemClock_Config	3
../Core/Src/main.c:313:13:MX_TIM2_Init	4
../Core/Src/main.c:358:13:MX_USART2_UART_Init	2
../Core/Src/main.c:391:13:MX_GPIO_Init	1
../Core/Src/main.c:457:6:myStartTask01	2
../Core/Src/main.c:481:6:myStartTask02	1
../Core/Src/main.c:499:6:myStartTask03	1
../Core/Src/main.c:517:6:myStartTask04	2
../Core/Src/main.c:542:6:HAL_TIM_PeriodElapsedCallback	2
../Core/Src/main.c:559:6:Error_Handler	1
