../Core/Src/main.c:82:6:HAL_GPIO_EXTI_Callback	1
../Core/Src/main.c:85:6:Micro_Delay	2
../Core/Src/main.c:93:6:Trigger1	1
../Core/Src/main.c:107:6:Trigger2	1
../Core/Src/main.c:121:6:Trigger3	1
../Core/Src/main.c:137:9:Distances	13
../Core/Src/main.c:218:6:Forward	1
../Core/Src/main.c:233:6:Left	1
../Core/Src/main.c:247:6:Right	1
../Core/Src/main.c:261:6:Reverse	1
../Core/Src/main.c:276:6:Stop	1
../Core/Src/main.c:295:6:HAL_UART_RxCpltCallback	5
../Core/Src/main.c:325:8:Trim	9
../Core/Src/main.c:343:6:CheckCMD	11
../Core/Src/main.c:389:6:MAX7219_WriteReg	1
../Core/Src/main.c:398:6:MAX7219_InitMatrix	8
../Core/Src/main.c:464:6:DFPlayer_Send_Cmd	2
../Core/Src/main.c:492:6:DFPlayer_Play_Track	1
../Core/Src/main.c:497:6:DFPlayer_Set_Volume	1
../Core/Src/main.c:507:5:main	9
../Core/Src/main.c:697:6:SystemClock_Config	3
../Core/Src/main.c:744:13:MX_SPI2_Init	2
../Core/Src/main.c:782:13:MX_TIM2_Init	4
../Core/Src/main.c:827:13:MX_TIM3_Init	7
../Core/Src/main.c:890:13:MX_USART1_UART_Init	2
../Core/Src/main.c:923:13:MX_USART2_UART_Init	2
../Core/Src/main.c:956:13:MX_USART6_UART_Init	2
../Core/Src/main.c:987:13:MX_DMA_Init	1
../Core/Src/main.c:1005:13:MX_GPIO_Init	1
../Core/Src/main.c:1090:6:Error_Handler	1
