14:13:11 **** Incremental Build of configuration Debug for project dot_matrix_832 ****
make -j24 all 
arm-none-eabi-gcc "../Core/Src/main.c" -mcpu=cortex-m4 -std=gnu11 -g3 -DDEBUG -DUSE_HAL_DRIVER -DSTM32F411xE -c -I../Core/Inc -I../Drivers/STM32F4xx_HAL_Driver/Inc -I../Drivers/STM32F4xx_HAL_Driver/Inc/Legacy -I../Drivers/CMSIS/Device/ST/STM32F4xx/Include -I../Drivers/CMSIS/Include -O0 -ffunction-sections -fdata-sections -Wall -fstack-usage -fcyclomatic-complexity -MMD -MP -MF"Core/Src/main.d" -MT"Core/Src/main.o" --specs=nano.specs -mfpu=fpv4-sp-d16 -mfloat-abi=hard -mthumb -o "Core/Src/main.o"
../Core/Src/main.c: In function 'main':
../Core/Src/main.c:146:3: warning: implicit declaration of function 'ProgramStart' [-Wimplicit-function-declaration]
  146 |   ProgramStart("111");
      |   ^~~~~~~~~~~~
arm-none-eabi-gcc -o "dot_matrix_832.elf" @"objects.list"   -mcpu=cortex-m4 -T"C:\Users\user\source\repos\STM32\dot_matrix_832\STM32F411RETX_FLASH.ld" --specs=nosys.specs -Wl,-Map="dot_matrix_832.map" -Wl,--gc-sections -static --specs=nano.specs -mfpu=fpv4-sp-d16 -mfloat-abi=hard -mthumb -Wl,--start-group -lc -lm -Wl,--end-group
Finished building target: dot_matrix_832.elf
 
arm-none-eabi-size  dot_matrix_832.elf 
arm-none-eabi-objdump -h -S dot_matrix_832.elf  > "dot_matrix_832.list"
   text	   data	    bss	    dec	    hex	filename
  17000	    112	   2064	  19176	   4ae8	dot_matrix_832.elf
Finished building: default.size.stdout
 
Finished building: dot_matrix_832.list
 

14:13:12 Build Finished. 0 errors, 1 warnings. (took 546ms)

