16:36:07 **** Incremental Build of configuration Debug for project test013_Gyro ****
make -j24 all 
arm-none-eabi-gcc "../Core/Src/main.c" -mcpu=cortex-m4 -std=gnu11 -g3 -DDEBUG -DUSE_HAL_DRIVER -DSTM32F411xE -c -I../Core/Inc -I../Drivers/STM32F4xx_HAL_Driver/Inc -I../Drivers/STM32F4xx_HAL_Driver/Inc/Legacy -I../Drivers/CMSIS/Device/ST/STM32F4xx/Include -I../Drivers/CMSIS/Include -O0 -ffunction-sections -fdata-sections -Wall -fstack-usage -fcyclomatic-complexity -MMD -MP -MF"Core/Src/main.d" -MT"Core/Src/main.o" --specs=nano.specs -mfpu=fpv4-sp-d16 -mfloat-abi=hard -mthumb -o "Core/Src/main.o"
../Core/Src/main.c: In function 'main':
../Core/Src/main.c:99:3: warning: implicit declaration of function 'ProgramStart' [-Wimplicit-function-declaration]
   99 |   ProgramStart("GyroScope GY-6500 Test");
      |   ^~~~~~~~~~~~
../Core/Src/main.c:100:3: warning: implicit declaration of function 'i2c_init' [-Wimplicit-function-declaration]
  100 |   i2c_init(&hi2c1);
      |   ^~~~~~~~
../Core/Src/main.c:101:3: warning: implicit declaration of function 'i2c_scan' [-Wimplicit-function-declaration]
  101 |   i2c_scan();
      |   ^~~~~~~~
../Core/Src/main.c:103:3: warning: implicit declaration of function 'printf' [-Wimplicit-function-declaration]
  103 |   printf("GY-6500 (WHO_AM_I) info : %02x\r\n", whoami);
      |   ^~~~~~
../Core/Src/main.c:21:1: note: include '<stdio.h>' or provide a declaration of 'printf'
   20 | #include "main.h"
  +++ |+#include <stdio.h>
   21 | 
../Core/Src/main.c:103:3: warning: incompatible implicit declaration of built-in function 'printf' [-Wbuiltin-declaration-mismatch]
  103 |   printf("GY-6500 (WHO_AM_I) info : %02x\r\n", whoami);
      |   ^~~~~~
../Core/Src/main.c:103:3: note: include '<stdio.h>' or provide a declaration of 'printf'
../Core/Src/main.c:119:3: warning: implicit declaration of function 'lcd_init' [-Wimplicit-function-declaration]
  119 |   lcd_init();
      |   ^~~~~~~~
../Core/Src/main.c:145:11: warning: implicit declaration of function 'sprintf' [-Wimplicit-function-declaration]
  145 |           sprintf(val0, "%dg %dg %dg", ax, ay, az);
      |           ^~~~~~~
../Core/Src/main.c:145:11: note: include '<stdio.h>' or provide a declaration of 'sprintf'
../Core/Src/main.c:145:11: warning: incompatible implicit declaration of built-in function 'sprintf' [-Wbuiltin-declaration-mismatch]
../Core/Src/main.c:145:11: note: include '<stdio.h>' or provide a declaration of 'sprintf'
../Core/Src/main.c:149:11: warning: implicit declaration of function 'lcd_printEx' [-Wimplicit-function-declaration]
  149 |           lcd_printEx(val0, 0); HAL_Delay(70);
      |           ^~~~~~~~~~~
arm-none-eabi-gcc -o "test013_Gyro.elf" @"objects.list"   -mcpu=cortex-m4 -T"C:\Users\user\source\repos\STM32\test013_Gyro\STM32F411RETX_FLASH.ld" --specs=nosys.specs -Wl,-Map="test013_Gyro.map" -Wl,--gc-sections -static --specs=nano.specs -mfpu=fpv4-sp-d16 -mfloat-abi=hard -mthumb -u _printf_float -u _scanf_float -Wl,--start-group -lc -lm -Wl,--end-group
Finished building target: test013_Gyro.elf
 
arm-none-eabi-size  test013_Gyro.elf 
arm-none-eabi-objdump -h -S test013_Gyro.elf  > "test013_Gyro.list"
   text	   data	    bss	    dec	    hex	filename
  39320	    476	   2068	  41864	   a388	test013_Gyro.elf
Finished building: default.size.stdout
 
Finished building: test013_Gyro.list
 

16:36:07 Build Finished. 0 errors, 9 warnings. (took 433ms)

