16:27:03 **** Incremental Build of configuration Debug for project test006_uSonic ****
make -j24 all 
arm-none-eabi-gcc "../Core/Src/main.c" -mcpu=cortex-m4 -std=gnu11 -g3 -DDEBUG -DUSE_HAL_DRIVER -DSTM32F411xE -c -I../Core/Inc -I../Drivers/STM32F4xx_HAL_Driver/Inc -I../Drivers/STM32F4xx_HAL_Driver/Inc/Legacy -I../Drivers/CMSIS/Device/ST/STM32F4xx/Include -I../Drivers/CMSIS/Include -O0 -ffunction-sections -fdata-sections -Wall -fstack-usage -fcyclomatic-complexity -MMD -MP -MF"Core/Src/main.d" -MT"Core/Src/main.o" --specs=nano.specs -mfpu=fpv4-sp-d16 -mfloat-abi=hard -mthumb -o "Core/Src/main.o"
../Core/Src/main.c: In function 'Distance':
../Core/Src/main.c:84:13: warning: unused variable 't0' [-Wunused-variable]
   84 |         int t0 = 0, t1, t2;
      |             ^~
../Core/Src/main.c: In function 'main':
../Core/Src/main.c:141:3: warning: implicit declaration of function 'ProgramStart' [-Wimplicit-function-declaration]
  141 |   ProgramStart("UltraSonic SR-04(SRF-05)");
      |   ^~~~~~~~~~~~
arm-none-eabi-gcc -o "test006_uSonic.elf" @"objects.list"   -mcpu=cortex-m4 -T"C:\Users\user\source\repos\STM32\test006_uSonic\STM32F411RETX_FLASH.ld" --specs=nosys.specs -Wl,-Map="test006_uSonic.map" -Wl,--gc-sections -static --specs=nano.specs -mfpu=fpv4-sp-d16 -mfloat-abi=hard -mthumb -u _printf_float -Wl,--start-group -lc -lm -Wl,--end-group
Finished building target: test006_uSonic.elf
 
arm-none-eabi-size  test006_uSonic.elf 
arm-none-eabi-objdump -h -S test006_uSonic.elf  > "test006_uSonic.list"
   text	   data	    bss	    dec	    hex	filename
  27100	    476	   2052	  29628	   73bc	test006_uSonic.elf
Finished building: default.size.stdout
 
Finished building: test006_uSonic.list
 

16:27:04 Build Finished. 0 errors, 2 warnings. (took 551ms)

