16:54:41 **** Incremental Build of configuration Debug for project test006_uSonic_PWM ****
make -j24 all 
arm-none-eabi-gcc "../Core/Src/main.c" -mcpu=cortex-m4 -std=gnu11 -g3 -DDEBUG -DUSE_HAL_DRIVER -DSTM32F411xE -c -I../Core/Inc -I"C:/Users/user/source/repos/STM32/myLib" -I../Drivers/STM32F4xx_HAL_Driver/Inc -I../Drivers/STM32F4xx_HAL_Driver/Inc/Legacy -I../Drivers/CMSIS/Device/ST/STM32F4xx/Include -I../Drivers/CMSIS/Include -O0 -ffunction-sections -fdata-sections -Wall -fstack-usage -fcyclomatic-complexity -MMD -MP -MF"Core/Src/main.d" -MT"Core/Src/main.o" --specs=nano.specs -mfpu=fpv4-sp-d16 -mfloat-abi=hard -mthumb -o "Core/Src/main.o"
../Core/Src/main.c: In function 'main':
../Core/Src/main.c:117:3: warning: implicit declaration of function 'ProgramStart' [-Wimplicit-function-declaration]
  117 |   ProgramStart("uSonic PWM Trigger control");
      |   ^~~~~~~~~~~~
../Core/Src/main.c:129:11: warning: implicit declaration of function 'printf' [-Wimplicit-function-declaration]
  129 |           printf("Distance : %.2f\r\n", dist);
      |           ^~~~~~
../Core/Src/main.c:25:1: note: include '<stdio.h>' or provide a declaration of 'printf'
   24 | #include "uSonic.h"
  +++ |+#include <stdio.h>
   25 | /* USER CODE END Includes */
../Core/Src/main.c:129:11: warning: incompatible implicit declaration of built-in function 'printf' [-Wbuiltin-declaration-mismatch]
  129 |           printf("Distance : %.2f\r\n", dist);
      |           ^~~~~~
../Core/Src/main.c:129:11: note: include '<stdio.h>' or provide a declaration of 'printf'
arm-none-eabi-gcc -o "test006_uSonic_PWM.elf" @"objects.list"   -mcpu=cortex-m4 -T"C:\Users\user\source\repos\STM32\test006_uSonic_PWM\STM32F411RETX_FLASH.ld" --specs=nosys.specs -Wl,-Map="test006_uSonic_PWM.map" -Wl,--gc-sections -static --specs=nano.specs -mfpu=fpv4-sp-d16 -mfloat-abi=hard -mthumb -u _printf_float -u _scanf_float -Wl,--start-group -lc -lm -Wl,--end-group
Finished building target: test006_uSonic_PWM.elf
 
arm-none-eabi-size  test006_uSonic_PWM.elf 
arm-none-eabi-objdump -h -S test006_uSonic_PWM.elf  > "test006_uSonic_PWM.list"
   text	   data	    bss	    dec	    hex	filename
  37568	    476	   2144	  40188	   9cfc	test006_uSonic_PWM.elf
Finished building: default.size.stdout
 
Finished building: test006_uSonic_PWM.list
 

16:54:42 Build Finished. 0 errors, 3 warnings. (took 632ms)

