09:39:43 **** Incremental Build of configuration Debug for project test002_Timer_PWM ****
make -j24 all 
arm-none-eabi-gcc "../Core/Src/main.c" -mcpu=cortex-m4 -std=gnu11 -g3 -DDEBUG -DUSE_HAL_DRIVER -DSTM32F411xE -c -I../Core/Inc -I../Drivers/STM32F4xx_HAL_Driver/Inc -I../Drivers/STM32F4xx_HAL_Driver/Inc/Legacy -I../Drivers/CMSIS/Device/ST/STM32F4xx/Include -I../Drivers/CMSIS/Include -O0 -ffunction-sections -fdata-sections -Wall -fstack-usage -fcyclomatic-complexity -MMD -MP -MF"Core/Src/main.d" -MT"Core/Src/main.o" --specs=nano.specs -mfpu=fpv4-sp-d16 -mfloat-abi=hard -mthumb -o "Core/Src/main.o"
../Core/Src/main.c: In function 'main':
../Core/Src/main.c:96:3: warning: implicit declaration of function 'ProgramStart' [-Wimplicit-function-declaration]
   96 |   ProgramStart("Timer PWM : LED control");
      |   ^~~~~~~~~~~~
arm-none-eabi-gcc -o "test002_Timer_PWM.elf" @"objects.list"   -mcpu=cortex-m4 -T"C:\Users\user\source\repos\STM32\test002_Timer_PWM\STM32F411RETX_FLASH.ld" --specs=nosys.specs -Wl,-Map="test002_Timer_PWM.map" -Wl,--gc-sections -static --specs=nano.specs -mfpu=fpv4-sp-d16 -mfloat-abi=hard -mthumb -Wl,--start-group -lc -lm -Wl,--end-group
Finished building target: test002_Timer_PWM.elf
 
arm-none-eabi-size  test002_Timer_PWM.elf 
arm-none-eabi-objdump -h -S test002_Timer_PWM.elf  > "test002_Timer_PWM.list"
   text	   data	    bss	    dec	    hex	filename
  18180	    112	   2048	  20340	   4f74	test002_Timer_PWM.elf
Finished building: default.size.stdout
 
Finished building: test002_Timer_PWM.list
 

09:39:44 Build Finished. 0 errors, 1 warnings. (took 744ms)

