16:47:37 **** Incremental Build of configuration Debug for project test009_Bluetooth ****
make -j24 all 
arm-none-eabi-gcc "../Core/Src/main.c" -mcpu=cortex-m4 -std=gnu11 -g3 -DDEBUG -DUSE_HAL_DRIVER -DSTM32F411xE -c -I../Core/Inc -I../Drivers/STM32F4xx_HAL_Driver/Inc -I../Drivers/STM32F4xx_HAL_Driver/Inc/Legacy -I../Drivers/CMSIS/Device/ST/STM32F4xx/Include -I../Drivers/CMSIS/Include -O0 -ffunction-sections -fdata-sections -Wall -fstack-usage -fcyclomatic-complexity -MMD -MP -MF"Core/Src/main.d" -MT"Core/Src/main.o" --specs=nano.specs -mfpu=fpv4-sp-d16 -mfloat-abi=hard -mthumb -o "Core/Src/main.o"
../Core/Src/main.c: In function 'HAL_UART_RxCpltCallback':
../Core/Src/main.c:73:44: warning: pointer targets in passing argument 2 of 'HAL_UART_Transmit' differ in signedness [-Wpointer-sign]
   73 |                 HAL_UART_Transmit(&huart2, &dum1/*== buf1+t1-1*/, 1, 10);               // putty print
      |                                            ^~~~~
      |                                            |
      |                                            char *
In file included from ../Core/Inc/stm32f4xx_hal_conf.h:411,
                 from ../Drivers/STM32F4xx_HAL_Driver/Inc/stm32f4xx_hal.h:29,
                 from ../Core/Inc/main.h:30,
                 from ../Core/Src/main.c:20:
../Drivers/STM32F4xx_HAL_Driver/Inc/stm32f4xx_hal_uart.h:745:79: note: expected 'const uint8_t *' {aka 'const unsigned char *'} but argument is of type 'char *'
  745 | HAL_StatusTypeDef HAL_UART_Transmit(UART_HandleTypeDef *huart, const uint8_t *pData, uint16_t Size, uint32_t Timeout);
      |                                                                ~~~~~~~~~~~~~~~^~~~~
../Core/Src/main.c:76:25: warning: implicit declaration of function 'CheckCMD' [-Wimplicit-function-declaration]
   76 |                         CheckCMD(buf1);
      |                         ^~~~~~~~
../Core/Src/main.c:79:46: warning: pointer targets in passing argument 2 of 'HAL_UART_Receive_IT' differ in signedness [-Wpointer-sign]
   79 |                 HAL_UART_Receive_IT(&huart1, &dum1, 1);                 // interrupt chain
      |                                              ^~~~~
      |                                              |
      |                                              char *
In file included from ../Core/Inc/stm32f4xx_hal_conf.h:411,
                 from ../Drivers/STM32F4xx_HAL_Driver/Inc/stm32f4xx_hal.h:29,
                 from ../Core/Inc/main.h:30,
                 from ../Core/Src/main.c:20:
../Drivers/STM32F4xx_HAL_Driver/Inc/stm32f4xx_hal_uart.h:748:75: note: expected 'uint8_t *' {aka 'unsigned char *'} but argument is of type 'char *'
  748 | HAL_StatusTypeDef HAL_UART_Receive_IT(UART_HandleTypeDef *huart, uint8_t *pData, uint16_t Size);
      |                                                                  ~~~~~~~~~^~~~~
../Core/Src/main.c:86:44: warning: pointer targets in passing argument 2 of 'HAL_UART_Transmit' differ in signedness [-Wpointer-sign]
   86 |                 HAL_UART_Transmit(&huart2, &dum2, 1, 10); // terminal echo
      |                                            ^~~~~
      |                                            |
      |                                            char *
In file included from ../Core/Inc/stm32f4xx_hal_conf.h:411,
                 from ../Drivers/STM32F4xx_HAL_Driver/Inc/stm32f4xx_hal.h:29,
                 from ../Core/Inc/main.h:30,
                 from ../Core/Src/main.c:20:
../Drivers/STM32F4xx_HAL_Driver/Inc/stm32f4xx_hal_uart.h:745:79: note: expected 'const uint8_t *' {aka 'const unsigned char *'} but argument is of type 'char *'
  745 | HAL_StatusTypeDef HAL_UART_Transmit(UART_HandleTypeDef *huart, const uint8_t *pData, uint16_t Size, uint32_t Timeout);
      |                                                                ~~~~~~~~~~~~~~~^~~~~
../Core/Src/main.c:89:52: warning: pointer targets in passing argument 2 of 'HAL_UART_Transmit' differ in signedness [-Wpointer-sign]
   89 |                         HAL_UART_Transmit(&huart2, "\n", 1, 10); // terminal echo
      |                                                    ^~~~
      |                                                    |
      |                                                    char *
In file included from ../Core/Inc/stm32f4xx_hal_conf.h:411,
                 from ../Drivers/STM32F4xx_HAL_Driver/Inc/stm32f4xx_hal.h:29,
                 from ../Core/Inc/main.h:30,
                 from ../Core/Src/main.c:20:
../Drivers/STM32F4xx_HAL_Driver/Inc/stm32f4xx_hal_uart.h:745:79: note: expected 'const uint8_t *' {aka 'const unsigned char *'} but argument is of type 'char *'
  745 | HAL_StatusTypeDef HAL_UART_Transmit(UART_HandleTypeDef *huart, const uint8_t *pData, uint16_t Size, uint32_t Timeout);
      |                                                                ~~~~~~~~~~~~~~~^~~~~
../Core/Src/main.c:92:52: warning: pointer targets in passing argument 2 of 'HAL_UART_Transmit' differ in signedness [-Wpointer-sign]
   92 |                         HAL_UART_Transmit(&huart1, buf2, tail2, 10);    // AT Command
      |                                                    ^~~~
      |                                                    |
      |                                                    char *
In file included from ../Core/Inc/stm32f4xx_hal_conf.h:411,
                 from ../Drivers/STM32F4xx_HAL_Driver/Inc/stm32f4xx_hal.h:29,
                 from ../Core/Inc/main.h:30,
                 from ../Core/Src/main.c:20:
../Drivers/STM32F4xx_HAL_Driver/Inc/stm32f4xx_hal_uart.h:745:79: note: expected 'const uint8_t *' {aka 'const unsigned char *'} but argument is of type 'char *'
  745 | HAL_StatusTypeDef HAL_UART_Transmit(UART_HandleTypeDef *huart, const uint8_t *pData, uint16_t Size, uint32_t Timeout);
      |                                                                ~~~~~~~~~~~~~~~^~~~~
../Core/Src/main.c:96:46: warning: pointer targets in passing argument 2 of 'HAL_UART_Receive_IT' differ in signedness [-Wpointer-sign]
   96 |                 HAL_UART_Receive_IT(&huart2, &dum2, 1);                 // interrupt chain
      |                                              ^~~~~
      |                                              |
      |                                              char *
In file included from ../Core/Inc/stm32f4xx_hal_conf.h:411,
                 from ../Drivers/STM32F4xx_HAL_Driver/Inc/stm32f4xx_hal.h:29,
                 from ../Core/Inc/main.h:30,
                 from ../Core/Src/main.c:20:
../Drivers/STM32F4xx_HAL_Driver/Inc/stm32f4xx_hal_uart.h:748:75: note: expected 'uint8_t *' {aka 'unsigned char *'} but argument is of type 'char *'
  748 | HAL_StatusTypeDef HAL_UART_Receive_IT(UART_HandleTypeDef *huart, uint8_t *pData, uint16_t Size);
      |                                                                  ~~~~~~~~~^~~~~
../Core/Src/main.c: In function 'Trim_EX':
../Core/Src/main.c:101:40: warning: implicit declaration of function 'strlen' [-Wimplicit-function-declaration]
  101 |         int trim_head = 0, trim_tail = strlen(s) - 1;
      |                                        ^~~~~~
../Core/Src/main.c:21:1: note: include '<string.h>' or provide a declaration of 'strlen'
   20 | #include "main.h"
  +++ |+#include <string.h>
   21 | 
../Core/Src/main.c:101:40: warning: incompatible implicit declaration of built-in function 'strlen' [-Wbuiltin-declaration-mismatch]
  101 |         int trim_head = 0, trim_tail = strlen(s) - 1;
      |                                        ^~~~~~
../Core/Src/main.c:101:40: note: include '<string.h>' or provide a declaration of 'strlen'
../Core/Src/main.c:112:9: warning: implicit declaration of function 'strncpy' [-Wimplicit-function-declaration]
  112 |         strncpy(dest, (s + trim_head), (trim_tail - trim_head + 1));
      |         ^~~~~~~
../Core/Src/main.c:112:9: note: include '<string.h>' or provide a declaration of 'strncpy'
../Core/Src/main.c:112:9: warning: incompatible implicit declaration of built-in function 'strncpy' [-Wbuiltin-declaration-mismatch]
../Core/Src/main.c:112:9: note: include '<string.h>' or provide a declaration of 'strncpy'
../Core/Src/main.c: In function 'Trim':
../Core/Src/main.c:117:40: warning: incompatible implicit declaration of built-in function 'strlen' [-Wbuiltin-declaration-mismatch]
  117 |         int trim_head = 0, trim_tail = strlen(s) - 1;
      |                                        ^~~~~~
../Core/Src/main.c:117:40: note: include '<string.h>' or provide a declaration of 'strlen'
../Core/Src/main.c:128:31: warning: implicit declaration of function 'malloc' [-Wimplicit-function-declaration]
  128 |         char *dest = (char *) malloc(trim_tail - trim_head + 1);
      |                               ^~~~~~
../Core/Src/main.c:21:1: note: include '<stdlib.h>' or provide a declaration of 'malloc'
   20 | #include "main.h"
  +++ |+#include <stdlib.h>
   21 | 
../Core/Src/main.c:128:31: warning: incompatible implicit declaration of built-in function 'malloc' [-Wbuiltin-declaration-mismatch]
  128 |         char *dest = (char *) malloc(trim_tail - trim_head + 1);
      |                               ^~~~~~
../Core/Src/main.c:128:31: note: include '<stdlib.h>' or provide a declaration of 'malloc'
../Core/Src/main.c:129:9: warning: incompatible implicit declaration of built-in function 'strncpy' [-Wbuiltin-declaration-mismatch]
  129 |         strncpy(dest, (s + trim_head), (trim_tail - trim_head + 1));
      |         ^~~~~~~
../Core/Src/main.c:129:9: note: include '<string.h>' or provide a declaration of 'strncpy'
../Core/Src/main.c: At top level:
../Core/Src/main.c:133:6: warning: conflicting types for 'CheckCMD'; have 'void(char *)'
  133 | void CheckCMD(char *bb)
      |      ^~~~~~~~
../Core/Src/main.c:76:25: note: previous implicit declaration of 'CheckCMD' with type 'void(char *)'
   76 |                         CheckCMD(buf1);
      |                         ^~~~~~~~
../Core/Src/main.c: In function 'CheckCMD':
../Core/Src/main.c:138:9: warning: implicit declaration of function 'ToUpper' [-Wimplicit-function-declaration]
  138 |         ToUpper(str);
      |         ^~~~~~~
../Core/Src/main.c:139:12: warning: implicit declaration of function 'strncmp' [-Wimplicit-function-declaration]
  139 |         if(strncmp(str, "LED", 3) == 0)
      |            ^~~~~~~
../Core/Src/main.c:139:12: note: include '<string.h>' or provide a declaration of 'strncmp'
../Core/Src/main.c:139:32: warning: 'strncmp' argument 3 type is 'int' where 'unsigned int' is expected in a call to built-in function declared without prototype [-Wbuiltin-declaration-mismatch]
  139 |         if(strncmp(str, "LED", 3) == 0)
      |                                ^
<built-in>: note: built-in 'strncmp' declared here
../Core/Src/main.c: In function 'main':
../Core/Src/main.c:182:3: warning: implicit declaration of function 'ProgramStart' [-Wimplicit-function-declaration]
  182 |   ProgramStart("Bluetooth");
      |   ^~~~~~~~~~~~
../Core/Src/main.c:185:32: warning: pointer targets in passing argument 2 of 'HAL_UART_Receive_IT' differ in signedness [-Wpointer-sign]
  185 |   HAL_UART_Receive_IT(&huart1, &dum1, 1);
      |                                ^~~~~
      |                                |
      |                                char *
In file included from ../Core/Inc/stm32f4xx_hal_conf.h:411,
                 from ../Drivers/STM32F4xx_HAL_Driver/Inc/stm32f4xx_hal.h:29,
                 from ../Core/Inc/main.h:30,
                 from ../Core/Src/main.c:20:
../Drivers/STM32F4xx_HAL_Driver/Inc/stm32f4xx_hal_uart.h:748:75: note: expected 'uint8_t *' {aka 'unsigned char *'} but argument is of type 'char *'
  748 | HAL_StatusTypeDef HAL_UART_Receive_IT(UART_HandleTypeDef *huart, uint8_t *pData, uint16_t Size);
      |                                                                  ~~~~~~~~~^~~~~
../Core/Src/main.c:186:32: warning: pointer targets in passing argument 2 of 'HAL_UART_Receive_IT' differ in signedness [-Wpointer-sign]
  186 |   HAL_UART_Receive_IT(&huart2, &dum2, 1);
      |                                ^~~~~
      |                                |
      |                                char *
In file included from ../Core/Inc/stm32f4xx_hal_conf.h:411,
                 from ../Drivers/STM32F4xx_HAL_Driver/Inc/stm32f4xx_hal.h:29,
                 from ../Core/Inc/main.h:30,
                 from ../Core/Src/main.c:20:
../Drivers/STM32F4xx_HAL_Driver/Inc/stm32f4xx_hal_uart.h:748:75: note: expected 'uint8_t *' {aka 'unsigned char *'} but argument is of type 'char *'
  748 | HAL_StatusTypeDef HAL_UART_Receive_IT(UART_HandleTypeDef *huart, uint8_t *pData, uint16_t Size);
      |                                                                  ~~~~~~~~~^~~~~
arm-none-eabi-gcc -o "test009_Bluetooth.elf" @"objects.list"   -mcpu=cortex-m4 -T"C:\Users\user\source\repos\STM32\test009_Bluetooth\STM32F411RETX_FLASH.ld" --specs=nosys.specs -Wl,-Map="test009_Bluetooth.map" -Wl,--gc-sections -static --specs=nano.specs -mfpu=fpv4-sp-d16 -mfloat-abi=hard -mthumb -Wl,--start-group -lc -lm -Wl,--end-group
Finished building target: test009_Bluetooth.elf
 
arm-none-eabi-size  test009_Bluetooth.elf 
arm-none-eabi-objdump -h -S test009_Bluetooth.elf  > "test009_Bluetooth.list"
   text	   data	    bss	    dec	    hex	filename
  20096	    112	   2456	  22664	   5888	test009_Bluetooth.elf
Finished building: default.size.stdout
 
Finished building: test009_Bluetooth.list
 

16:47:38 Build Finished. 0 errors, 22 warnings. (took 601ms)

